// Jest Snapshot v1, https://goo.gl/fbAQLP

exports[`Styles matches ModalDialog 1`] = `
.c0 {
  position: relative;
  margin: auto;
  padding: 0.5rem;
  min-height: calc(100% - (0.5rem * 2));
  pointer-events: none;
  max-width: 500px;
}

<div
  className="c0"
/>
`;
